<html>
<body>
<pre>
<h1>µVision Build Log</h1>
<h2>Tool Versions:</h2>
IDE-Version: µVision V5.28.0.0
Copyright (C) 2019 ARM Ltd and ARM Germany GmbH. All rights reserved.
License Information: Jonic Mecija, CSULB, LIC=----
 
Tool Versions:
Toolchain:       MDK-Lite  Version: 5.28.0.0
Toolchain Path:  C:\Keil_v5\ARM\ARMCC\Bin
C Compiler:      Armcc.exe V5.06 update 6 (build 750)
Assembler:       Armasm.exe V5.06 update 6 (build 750)
Linker/Locator:  ArmLink.exe V5.06 update 6 (build 750)
Library Manager: ArmAr.exe V5.06 update 6 (build 750)
Hex Converter:   FromElf.exe V5.06 update 6 (build 750)
CPU DLL:         SARMCM3.DLL V5.28.0.0
Dialog DLL:      DCM.DLL V1.17.3.0
Target DLL:      lmidk-agdi.dll V???
Dialog DLL:      TCM.DLL V1.36.2.0
 
<h2>Project:</h2>
C:\Users\jonicmecija\Desktop\490B Comm - Copy\CECS447Lab2.uvproj
Project File Date:  10/30/2019

<h2>Output:</h2>
*** Using Compiler 'V5.06 update 6 (build 750)', folder: 'C:\Keil_v5\ARM\ARMCC\Bin'
Rebuild target 'HelloLaunchPad'
compiling main.c...
main.c(20): warning:  #1295-D: Deprecated declaration PortF_Init - give arg types
  void PortF_Init();
main.c(126): warning:  #128-D: loop is not reachable
        for (i = 0; i < 5; i++)
main.c(143): warning:  #550-D: variable "delay"  was set but never used
        unsigned long delay;//for LED debugging
main.c: 3 warnings, 0 errors
assembling startup.s...
compiling SysTick.c...
compiling PLL.c...
linking...
Program Size: Code=2064 RO-data=32 RW-data=36 ZI-data=1324  
".\HelloLaunchPad.axf" - 0 Error(s), 3 Warning(s).
Build Time Elapsed:  00:00:01
</pre>
</body>
</html>
